   Compiling proc-macro2 v1.0.107
   Compiling unicode-ident v1.0.24
   Compiling quote v1.0.47
   Compiling libc v0.2.189
    Checking cfg-if v1.0.4
    Checking pin-project-lite v0.2.17
    Checking smallvec v1.15.2
    Checking futures-core v0.3.34
    Checking bytes v1.12.1
   Compiling parking_lot_core v0.9.12
    Checking scopeguard v1.2.0
    Checking itoa v1.0.18
    Checking futures-sink v0.3.34
    Checking memchr v2.8.3
    Checking stable_deref_trait v1.2.1
    Checking futures-io v0.3.34
    Checking slab v0.4.12
    Checking once_cell v1.21.4
    Checking futures-task v0.3.34
    Checking lock_api v0.4.14
   Compiling shlex v2.0.1
   Compiling find-msvc-tools v0.1.10
    Checking futures-channel v0.3.34
   Compiling version_check v0.9.5
   Compiling serde_core v1.0.229
    Checking subtle v2.6.1
    Checking zeroize v1.9.0
    Checking litemap v0.8.3
   Compiling cc v1.4.2
    Checking typenum v1.20.1
   Compiling zmij v1.0.23
    Checking writeable v0.6.4
    Checking tracing-core v0.1.36
   Compiling icu_normalizer_data v2.3.0
    Checking rustls-pki-types v1.15.1
   Compiling serde_json v1.0.151
   Compiling serde v1.0.229
    Checking hashbrown v0.17.1
   Compiling generic-array v0.14.7
    Checking http v1.5.0
    Checking utf8_iter v1.0.4
   Compiling icu_properties_data v2.3.0
    Checking equivalent v1.0.2
    Checking untrusted v0.9.0
   Compiling httparse v1.10.1
   Compiling thiserror v2.0.20
    Checking indexmap v2.14.0
   Compiling zerocopy v0.8.56
   Compiling rustls v0.23.43
    Checking percent-encoding v2.3.2
    Checking http-body v1.1.0
    Checking tower-service v0.3.3
    Checking base64 v0.22.1
    Checking log v0.4.33
    Checking try-lock v0.2.5
    Checking form_urlencoded v1.2.2
    Checking want v0.3.1
    Checking webpki-roots v1.0.9
   Compiling ring v0.17.14
   Compiling termcolor v1.4.1
   Compiling thiserror v1.0.69
   Compiling autocfg v1.5.1
    Checking atomic-waker v1.1.2
    Checking sync_wrapper v1.0.2
    Checking regex-syntax v0.8.11
   Compiling num-traits v0.2.19
    Checking ipnet v2.12.1
    Checking tower-layer v0.3.3
    Checking regex-automata v0.4.18
   Compiling syn v3.0.3
   Compiling syn v2.0.119
    Checking errno v0.3.14
    Checking parking_lot v0.12.5
    Checking signal-hook-registry v1.4.8
    Checking mio v1.2.2
    Checking socket2 v0.6.5
    Checking getrandom v0.2.17
    Checking rand_core v0.6.4
    Checking cpufeatures v0.2.17
    Checking bitflags v2.13.1
    Checking core-foundation-sys v0.8.7
    Checking data-encoding v2.11.1
    Checking lazy_static v1.5.0
    Checking byteorder v1.5.0
    Checking ryu v1.0.23
    Checking utf-8 v0.7.6
    Checking sharded-slab v0.1.7
    Checking iana-time-zone v0.1.65
    Checking matchers v0.2.0
    Checking webpki-roots v0.26.11
    Checking tracing-log v0.2.0
    Checking http-body-util v0.1.5
    Checking thread_local v1.1.10
    Checking nu-ansi-term v0.50.3
    Checking httpdate v1.0.3
    Checking option-ext v0.2.0
    Checking utf8parse v0.2.2
    Checking dirs-sys v0.4.1
    Checking anstyle-parse v1.0.0
    Checking dirs v5.0.1
    Checking anstyle v1.0.14
    Checking block-buffer v0.10.4
    Checking crypto-common v0.1.7
    Checking is_terminal_polyfill v1.70.2
    Checking hex v0.4.3
    Checking digest v0.10.7
    Checking anstyle-query v1.1.5
    Checking colorchoice v1.0.5
   Compiling anyhow v1.0.104
    Checking anstream v1.0.0
    Checking sha1 v0.10.7
    Checking hmac v0.12.1
    Checking sha2 v0.10.9
    Checking strsim v0.11.1
    Checking clap_lex v1.1.0
   Compiling heck v0.5.0
    Checking clap_builder v4.6.6
 Documenting fix_tool v0.3.0 (/private/tmp/aimux-audit-master/scripts/fix_tool)
   Compiling synstructure v0.13.2
   Compiling tokio-macros v2.7.2
   Compiling futures-macro v0.3.34
   Compiling zerovec-derive v0.11.4
   Compiling displaydoc v0.2.7
   Compiling serde_derive v1.0.229
   Compiling zerofrom-derive v0.1.7
   Compiling yoke-derive v0.8.2
   Compiling tracing-attributes v0.1.31
    Checking tokio v1.53.1
    Checking futures-util v0.3.34
   Compiling thiserror-impl v2.0.20
   Compiling async-stream-impl v0.3.6
   Compiling thiserror-impl v1.0.69
   Compiling ts-rs-macros v12.0.1
    Checking async-stream v0.3.6
    Checking zerofrom v0.1.8
    Checking tracing v0.1.44
   Compiling async-trait v0.1.92
   Compiling clap_derive v4.6.4
    Checking clap v4.6.6
    Checking chrono v0.4.45
    Checking ppv-lite86 v0.2.21
    Checking rand_chacha v0.3.1
    Checking rand v0.8.7
    Checking rustls-webpki v0.103.14
    Checking futures-executor v0.3.34
    Checking futures v0.3.34
    Checking yoke v0.8.3
    Checking tracing-subscriber v0.3.23
    Checking tokio-util v0.7.19
    Checking hyper v1.11.0
    Checking tower v0.5.3
    Checking tokio-stream v0.1.19
    Checking ts-rs v12.0.1
    Checking hyper-util v0.1.20
    Checking serde_urlencoded v0.7.1
    Checking aimux-stream v0.3.0 (/private/tmp/aimux-audit-master/aimux-stream)
 Documenting aimux-stream v0.3.0 (/private/tmp/aimux-audit-master/aimux-stream)
    Checking zerovec v0.11.7
    Checking zerotrie v0.2.5
    Checking aimux-core v0.3.0 (/private/tmp/aimux-audit-master/aimux-core)
 Documenting aimux-core v0.3.0 (/private/tmp/aimux-audit-master/aimux-core)
    Checking tokio-rustls v0.26.4
    Checking tungstenite v0.24.0
    Checking hyper-rustls v0.27.9
    Checking tokio-tungstenite v0.24.0
    Checking tinystr v0.8.4
    Checking potential_utf v0.1.6
    Checking icu_collections v2.3.0
    Checking icu_locale_core v2.3.0
    Checking icu_provider v2.3.0
    Checking icu_normalizer v2.3.0
    Checking icu_properties v2.3.0
    Checking idna_adapter v1.2.2
    Checking idna v1.1.0
    Checking url v2.5.8
error: unresolved link to `ChatCompletionChunk`
   --> aimux-core/src/generate.rs:952:7
    |
952 | /// [`ChatCompletionChunk`] stream via [`to_chat_completion_stream`].
    |       ^^^^^^^^^^^^^^^^^^^ no item named `ChatCompletionChunk` in scope
    |
    = help: to escape `[` and `]` characters, add '\' before them like `\[` or `\]`
    = note: `-D rustdoc::broken-intra-doc-links` implied by `-D warnings`
    = help: to override `-D warnings` add `#[allow(rustdoc::broken_intra_doc_links)]`

error: unresolved link to `REDACTED`
   --> aimux-core/src/recording.rs:176:78
    |
176 |     /// 敏感头(authorization/cookie/含 api-key/key/x-amz-security-token 等)已脱敏为 "[REDACTED]"。
    |                                                                                       ^^^^^^^^ no item named `REDACTED` in scope
    |
    = help: to escape `[` and `]` characters, add '\' before them like `\[` or `\]`

error: unresolved link to `try_new`
   --> aimux-core/src/recording.rs:541:53
    |
541 |     /// 及绑定均以 infallible `new` 调用,A9 要求保持兼容)。内部委托 [`try_new`],
    |                                                                       ^^^^^^^ no item named `try_new` in scope
    |
    = help: to escape `[` and `]` characters, add '\' before them like `\[` or `\]`

error: public documentation for `ExactMatcher` links to private item `crate::recording::redact_json`
  --> aimux-core/src/replay.rs:47:36
   |
47 | /// 字段经 [`recording::redact_json`](crate::recording::redact_json) 脱敏
   |                                       ^^^^^^^^^^^^^^^^^^^^^^^^^^^^^ this item is private
   |
   = note: this link will resolve properly if you pass `--document-private-items`
   = note: `-D rustdoc::private-intra-doc-links` implied by `-D warnings`
   = help: to override `-D warnings` add `#[allow(rustdoc::private_intra_doc_links)]`

error: public documentation for `ExactMatcher` links to private item `redaction_aware_eq`
  --> aimux-core/src/replay.rs:49:19
   |
49 | /// 部分仍精确比较。规则见 [`redaction_aware_eq`]。
   |                              ^^^^^^^^^^^^^^^^^^ this item is private
   |
   = note: this link will resolve properly if you pass `--document-private-items`

error: unresolved link to `json_repair`
 --> aimux-core/src/util.rs:5:9
  |
5 | //! - [`json_repair`] — `fix_json` + `parse_partial_json` (from `fix-json.ts`
  |         ^^^^^^^^^^^ no item named `json_repair` in scope
  |
  = help: to escape `[` and `]` characters, add '\' before them like `\[` or `\]`

error: unresolved link to `math`
 --> aimux-core/src/util.rs:7:9
  |
7 | //! - [`math`] — `cosine_similarity` (from `cosine-similarity.ts`)
  |         ^^^^ no item named `math` in scope
  |
  = help: to escape `[` and `]` characters, add '\' before them like `\[` or `\]`

    Checking tower-http v0.6.11
error: could not document `aimux-core`
warning: build failed, waiting for other jobs to finish...
